// Jest Snapshot v1, https://goo.gl/fbAQLP

exports[`map renders 1`] = `
<div>
  <div
    aria-label="loader"
  >
    loading
  </div>
</div>
`;
