// Jest Snapshot v1, https://goo.gl/fbAQLP

exports[`auth form renders login page 1`] = `
<div>
  <div
    class="relative inline-block text-left"
  >
    <div>
      <button
        aria-expanded="false"
        aria-haspopup="true"
        class="bg-white/0 inline-flex justify-center w-full rounded-md shadow-sm px-4 py-2 text-base font-medium text-dark hover:bg-gray-50 focus:outline-none focus:ring-2 focus:ring-offset-2 focus:ring-offset-gray-100 focus:ring-indigo-500"
        id="headlessui-menu-button-1"
        type="button"
      >
        <svg
          aria-hidden="true"
          class="h-10 w-10 md:h-16 md:w-16"
          fill="currentColor"
          viewBox="0 0 20 20"
          xmlns="http://www.w3.org/2000/svg"
        >
          <path
            clip-rule="evenodd"
            d="M3 5a1 1 0 011-1h12a1 1 0 110 2H4a1 1 0 01-1-1zM3 10a1 1 0 011-1h12a1 1 0 110 2H4a1 1 0 01-1-1zM3 15a1 1 0 011-1h12a1 1 0 110 2H4a1 1 0 01-1-1z"
            fill-rule="evenodd"
          />
        </svg>
      </button>
    </div>
  </div>
</div>
`;
